// Jest Snapshot v1, https://goo.gl/fbAQLP

exports[`<Section /> matches the snapshot 1`] = `
Object {
  "asFragment": [Function],
  "baseElement": .c0 {
  background: rgb(223,223,223);
  min-height: 300px;
  overflow: hidden;
  display: block;
  position: relative;
  padding: 32px;
}

.c1 {
  max-width: 1440px;
  margin: 0 auto;
}

<body>
    <div>
      <div
        class="c0"
        color="light"
      >
        <div
          class="c1"
        >
          hi
        </div>
      </div>
    </div>
  </body>,
  "container": .c0 {
  background: rgb(223,223,223);
  min-height: 300px;
  overflow: hidden;
  display: block;
  position: relative;
  padding: 32px;
}

.c1 {
  max-width: 1440px;
  margin: 0 auto;
}

<div>
    <div
      class="c0"
      color="light"
    >
      <div
        class="c1"
      >
        hi
      </div>
    </div>
  </div>,
  "debug": [Function],
  "findAllByAltText": [Function],
  "findAllByDisplayValue": [Function],
  "findAllByLabelText": [Function],
  "findAllByPlaceholderText": [Function],
  "findAllByRole": [Function],
  "findAllByTestId": [Function],
  "findAllByText": [Function],
  "findAllByTitle": [Function],
  "findByAltText": [Function],
  "findByDisplayValue": [Function],
  "findByLabelText": [Function],
  "findByPlaceholderText": [Function],
  "findByRole": [Function],
  "findByTestId": [Function],
  "findByText": [Function],
  "findByTitle": [Function],
  "getAllByAltText": [Function],
  "getAllByDisplayValue": [Function],
  "getAllByLabelText": [Function],
  "getAllByPlaceholderText": [Function],
  "getAllByRole": [Function],
  "getAllByTestId": [Function],
  "getAllByText": [Function],
  "getAllByTitle": [Function],
  "getByAltText": [Function],
  "getByDisplayValue": [Function],
  "getByLabelText": [Function],
  "getByPlaceholderText": [Function],
  "getByRole": [Function],
  "getByTestId": [Function],
  "getByText": [Function],
  "getByTitle": [Function],
  "queryAllByAltText": [Function],
  "queryAllByDisplayValue": [Function],
  "queryAllByLabelText": [Function],
  "queryAllByPlaceholderText": [Function],
  "queryAllByRole": [Function],
  "queryAllByTestId": [Function],
  "queryAllByText": [Function],
  "queryAllByTitle": [Function],
  "queryByAltText": [Function],
  "queryByDisplayValue": [Function],
  "queryByLabelText": [Function],
  "queryByPlaceholderText": [Function],
  "queryByRole": [Function],
  "queryByTestId": [Function],
  "queryByText": [Function],
  "queryByTitle": [Function],
  "rerender": [Function],
  "unmount": [Function],
}
`;
