// Jest Snapshot v1, https://goo.gl/fbAQLP

exports[`<Image /> matches the snapshot 1`] = `
Object {
  "asFragment": [Function],
  "baseElement": .c0 {
  width: -webkit-fit-content;
  width: -moz-fit-content;
  width: fit-content;
  border-radius: 5px;
  box-shadow: hsl(0deg 0% 27% / 15%) 2px 3px 5px;
  margin: 0;
  padding: 0;
}

.c1 {
  height: 100%;
  margin: 0;
  padding: 0;
  border-radius: 5px;
}

<body>
    <div>
      <div
        data-radix-aspect-ratio-wrapper=""
        style="position: relative; width: 100%; padding-bottom: 100%;"
      >
        <div
          class="c0"
          style="position: absolute; top: 0px; right: 0px; bottom: 0px; left: 0px;"
        >
          <img
            class="c1"
            src="https://via.placeholder.com/150"
          />
        </div>
      </div>
    </div>
  </body>,
  "container": .c0 {
  width: -webkit-fit-content;
  width: -moz-fit-content;
  width: fit-content;
  border-radius: 5px;
  box-shadow: hsl(0deg 0% 27% / 15%) 2px 3px 5px;
  margin: 0;
  padding: 0;
}

.c1 {
  height: 100%;
  margin: 0;
  padding: 0;
  border-radius: 5px;
}

<div>
    <div
      data-radix-aspect-ratio-wrapper=""
      style="position: relative; width: 100%; padding-bottom: 100%;"
    >
      <div
        class="c0"
        style="position: absolute; top: 0px; right: 0px; bottom: 0px; left: 0px;"
      >
        <img
          class="c1"
          src="https://via.placeholder.com/150"
        />
      </div>
    </div>
  </div>,
  "debug": [Function],
  "findAllByAltText": [Function],
  "findAllByDisplayValue": [Function],
  "findAllByLabelText": [Function],
  "findAllByPlaceholderText": [Function],
  "findAllByRole": [Function],
  "findAllByTestId": [Function],
  "findAllByText": [Function],
  "findAllByTitle": [Function],
  "findByAltText": [Function],
  "findByDisplayValue": [Function],
  "findByLabelText": [Function],
  "findByPlaceholderText": [Function],
  "findByRole": [Function],
  "findByTestId": [Function],
  "findByText": [Function],
  "findByTitle": [Function],
  "getAllByAltText": [Function],
  "getAllByDisplayValue": [Function],
  "getAllByLabelText": [Function],
  "getAllByPlaceholderText": [Function],
  "getAllByRole": [Function],
  "getAllByTestId": [Function],
  "getAllByText": [Function],
  "getAllByTitle": [Function],
  "getByAltText": [Function],
  "getByDisplayValue": [Function],
  "getByLabelText": [Function],
  "getByPlaceholderText": [Function],
  "getByRole": [Function],
  "getByTestId": [Function],
  "getByText": [Function],
  "getByTitle": [Function],
  "queryAllByAltText": [Function],
  "queryAllByDisplayValue": [Function],
  "queryAllByLabelText": [Function],
  "queryAllByPlaceholderText": [Function],
  "queryAllByRole": [Function],
  "queryAllByTestId": [Function],
  "queryAllByText": [Function],
  "queryAllByTitle": [Function],
  "queryByAltText": [Function],
  "queryByDisplayValue": [Function],
  "queryByLabelText": [Function],
  "queryByPlaceholderText": [Function],
  "queryByRole": [Function],
  "queryByTestId": [Function],
  "queryByText": [Function],
  "queryByTitle": [Function],
  "rerender": [Function],
  "unmount": [Function],
}
`;
