// Jest Snapshot v1, https://goo.gl/fbAQLP

exports[`<Modal /> matches the snapshot 1`] = `
Object {
  "asFragment": [Function],
  "baseElement": .c0 {
  padding: 16px 16px;
  font-size: 16px;
  outline: none;
  border-radius: 5px;
  border: none;
  cursor: pointer;
  background: rgb(207,109,35);
  color: #fbfbfb;
}

<body>
    <div>
      <button
        aria-controls="radix-:r0:"
        aria-expanded="false"
        aria-haspopup="dialog"
        class="c0"
        data-state="closed"
        type="button"
      />
    </div>
  </body>,
  "container": .c0 {
  padding: 16px 16px;
  font-size: 16px;
  outline: none;
  border-radius: 5px;
  border: none;
  cursor: pointer;
  background: rgb(207,109,35);
  color: #fbfbfb;
}

<div>
    <button
      aria-controls="radix-:r0:"
      aria-expanded="false"
      aria-haspopup="dialog"
      class="c0"
      data-state="closed"
      type="button"
    />
  </div>,
  "debug": [Function],
  "findAllByAltText": [Function],
  "findAllByDisplayValue": [Function],
  "findAllByLabelText": [Function],
  "findAllByPlaceholderText": [Function],
  "findAllByRole": [Function],
  "findAllByTestId": [Function],
  "findAllByText": [Function],
  "findAllByTitle": [Function],
  "findByAltText": [Function],
  "findByDisplayValue": [Function],
  "findByLabelText": [Function],
  "findByPlaceholderText": [Function],
  "findByRole": [Function],
  "findByTestId": [Function],
  "findByText": [Function],
  "findByTitle": [Function],
  "getAllByAltText": [Function],
  "getAllByDisplayValue": [Function],
  "getAllByLabelText": [Function],
  "getAllByPlaceholderText": [Function],
  "getAllByRole": [Function],
  "getAllByTestId": [Function],
  "getAllByText": [Function],
  "getAllByTitle": [Function],
  "getByAltText": [Function],
  "getByDisplayValue": [Function],
  "getByLabelText": [Function],
  "getByPlaceholderText": [Function],
  "getByRole": [Function],
  "getByTestId": [Function],
  "getByText": [Function],
  "getByTitle": [Function],
  "queryAllByAltText": [Function],
  "queryAllByDisplayValue": [Function],
  "queryAllByLabelText": [Function],
  "queryAllByPlaceholderText": [Function],
  "queryAllByRole": [Function],
  "queryAllByTestId": [Function],
  "queryAllByText": [Function],
  "queryAllByTitle": [Function],
  "queryByAltText": [Function],
  "queryByDisplayValue": [Function],
  "queryByLabelText": [Function],
  "queryByPlaceholderText": [Function],
  "queryByRole": [Function],
  "queryByTestId": [Function],
  "queryByText": [Function],
  "queryByTitle": [Function],
  "rerender": [Function],
  "unmount": [Function],
}
`;
